> Task :app:preBuild UP-TO-DATE
> Task :app:preDebugBuild UP-TO-DATE
> Task :app:mergeDebugNativeDebugMetadata NO-SOURCE
> Task :app:javaPreCompileDebug UP-TO-DATE
> Task :app:checkDebugAarMetadata UP-TO-DATE
> Task :app:processDebugNavigationResources UP-TO-DATE
> Task :app:compileDebugNavigationResources UP-TO-DATE
> Task :app:generateDebugResValues UP-TO-DATE
> Task :app:mapDebugSourceSetPaths UP-TO-DATE
> Task :app:generateDebugResources UP-TO-DATE
> Task :app:mergeDebugResources UP-TO-DATE
> Task :app:packageDebugResources UP-TO-DATE
> Task :app:parseDebugLocalResources UP-TO-DATE
> Task :app:createDebugCompatibleScreenManifests UP-TO-DATE
> Task :app:extractDeepLinksDebug UP-TO-DATE
> Task :app:processDebugMainManifest UP-TO-DATE
> Task :app:processDebugManifest UP-TO-DATE
> Task :app:processDebugManifestForPackage UP-TO-DATE
> Task :app:processDebugResources UP-TO-DATE

> Task :app:compileDebugJavaWithJavac FAILED
.\gradlew : E:\Work\AIpet\app\src\main\java\com\example\aipet\network\DoubaoApi
Client.java:11: 閿欒: 鎵句笉鍒扮鍙?import com.volcengine.ark.runtime.service.ArkServi
ceException;
所在位置 行:1 字符: 1
+ .\gradlew assembleDebug 2>&1 > build_output.txt ; Get-Content build_o ...
+ ~~~~~~~~~~~~~~~~~~~~~~~~~~~~~~~~~~~~~~~~~~~~~~~
    + CategoryInfo          : NotSpecified: (E:\Work\AIpet\a...rviceException; 
   :String) [], RemoteException
    + FullyQualifiedErrorId : NativeCommandError
 
                                         ^
  绗﹀彿:   绫?ArkServiceException
  浣嶇疆: 绋嬪簭鍖?com.volcengine.ark.runtime.service
E:\Work\AIpet\app\src\main\java\com\example\aipet\network\ApiClient.java:571: 閿
欒: 鎵句笉鍒扮鍙?        logDebug("[璞嗗寘] 寮€濮嬪彂閫佹秷鎭?- URL: " + apiConfig.getApiUrl() 
+ ", 妯″瀷: " + apiConfig.getModel());
                                                                               
      ^
  绗﹀彿:   鏂规硶 getModel()
  浣嶇疆: 绫诲瀷涓篈piConfig鐨勫彉閲?apiConfig
E:\Work\AIpet\app\src\main\java\com\example\aipet\network\ApiClient.java:580: 閿
欒: 鎵句笉鍒扮鍙?        logDebug("[璞嗗寘] 寮€濮嬪彂閫佹秷鎭紙鍚郴缁熸彁绀猴級- URL: " + apiConfig.ge
tApiUrl() + ", 妯″瀷: " + apiConfig.getModel());
                                                                               
            ^
  绗﹀彿:   鏂规硶 getModel()
  浣嶇疆: 绫诲瀷涓篈piConfig鐨勫彉閲?apiConfig
E:\Work\AIpet\app\src\main\java\com\example\aipet\network\DoubaoApiClient.java:
126: 閿欒: 鎵句笉鍒扮鍙?                    .model(apiConfig.getModel())
                                    ^
  绗﹀彿:   鏂规硶 getModel()
  浣嶇疆: 绫诲瀷涓篈piConfig鐨勫彉閲?apiConfig
E:\Work\AIpet\app\src\main\java\com\example\aipet\network\DoubaoApiClient.java:
133: 閿欒: 鎵句笉鍒扮鍙?            Log.d(TAG, "鍙戦€佹秷鎭埌璞嗗寘 - 妯″瀷: " + apiConfig.getM
odel() + 
                                                   ^
  绗﹀彿:   鏂规硶 getModel()
  浣嶇疆: 绫诲瀷涓篈piConfig鐨勫彉閲?apiConfig
E:\Work\AIpet\app\src\main\java\com\example\aipet\network\DoubaoApiClient.java:
154: 閿欒: 鎵句笉鍒扮鍙?                } catch (ArkServiceException e) {
                         ^
  绗﹀彿:   绫?ArkServiceException
  浣嶇疆: 绫?DoubaoApiClient
6 涓敊璇?

[Incubating] Problems report is available at: file:///E:/Work/AIpet/build/reports/problems/problems-report.html

FAILURE: Build failed with an exception.

* What went wrong:
Execution failed for task ':app:compileDebugJavaWithJavac'.
> Compilation failed; see the compiler output below.
  E:\Work\AIpet\app\src\main\java\com\example\aipet\network\DoubaoApiClient.jav
a:11: 閿欒: 鎵句笉鍒扮鍙?  import com.volcengine.ark.runtime.service.ArkServiceExcept
ion;
                                           ^
    绗﹀彿:   绫?ArkServiceException
    浣嶇疆: 绋嬪簭鍖?com.volcengine.ark.runtime.service
  E:\Work\AIpet\app\src\main\java\com\example\aipet\network\ApiClient.java:571:
 閿欒: 鎵句笉鍒扮鍙?          logDebug("[璞嗗寘] 寮€濮嬪彂閫佹秷鎭?- URL: " + apiConfig.getApiUr
l() + ", 妯″瀷: " + apiConfig.getModel());
                                                                               
        ^
    绗﹀彿:   鏂规硶 getModel()
    浣嶇疆: 绫诲瀷涓篈piConfig鐨勫彉閲?apiConfig
  E:\Work\AIpet\app\src\main\java\com\example\aipet\network\ApiClient.java:580:
 閿欒: 鎵句笉鍒扮鍙?          logDebug("[璞嗗寘] 寮€濮嬪彂閫佹秷鎭紙鍚郴缁熸彁绀猴級- URL: " + apiConfi
g.getApiUrl() + ", 妯″瀷: " + apiConfig.getModel());
                                                                               
              ^
    绗﹀彿:   鏂规硶 getModel()
    浣嶇疆: 绫诲瀷涓篈piConfig鐨勫彉閲?apiConfig
  E:\Work\AIpet\app\src\main\java\com\example\aipet\network\DoubaoApiClient.jav
a:126: 閿欒: 鎵句笉鍒扮鍙?                      .model(apiConfig.getModel())
                                      ^
    绗﹀彿:   鏂规硶 getModel()
    浣嶇疆: 绫诲瀷涓篈piConfig鐨勫彉閲?apiConfig
  E:\Work\AIpet\app\src\main\java\com\example\aipet\network\DoubaoApiClient.jav
a:133: 閿欒: 鎵句笉鍒扮鍙?              Log.d(TAG, "鍙戦€佹秷鎭埌璞嗗寘 - 妯″瀷: " + apiConfig.
getModel() + 
                                                     ^
    绗﹀彿:   鏂规硶 getModel()
    浣嶇疆: 绫诲瀷涓篈piConfig鐨勫彉閲?apiConfig
  E:\Work\AIpet\app\src\main\java\com\example\aipet\network\DoubaoApiClient.jav
a:154: 閿欒: 鎵句笉鍒扮鍙?                  } catch (ArkServiceException e) {
                           ^
    绗﹀彿:   绫?ArkServiceException
    浣嶇疆: 绫?DoubaoApiClient
  6 涓敊璇?

* Try:
> Check your code and dependencies to fix the compilation error(s)
> Run with --scan to get full insights.

BUILD FAILED in 1s
17 actionable tasks: 1 executed, 16 up-to-date
